------------------------------------------------------------
Timing Analyzer Summary
------------------------------------------------------------

Type  : Slow 1100mV 85C Model Setup 'clk'
Slack : -2.904
TNS   : -53.589

Type  : Slow 1100mV 85C Model Hold 'clk'
Slack : 0.404
TNS   : 0.000

Type  : Slow 1100mV 85C Model Minimum Pulse Width 'clk'
Slack : -0.724
TNS   : -23.395

Type  : Slow 1100mV 0C Model Setup 'clk'
Slack : -2.896
TNS   : -53.679

Type  : Slow 1100mV 0C Model Hold 'clk'
Slack : 0.400
TNS   : 0.000

Type  : Slow 1100mV 0C Model Minimum Pulse Width 'clk'
Slack : -0.724
TNS   : -23.404

Type  : Fast 1100mV 85C Model Setup 'clk'
Slack : -0.519
TNS   : -9.418

Type  : Fast 1100mV 85C Model Hold 'clk'
Slack : 0.173
TNS   : 0.000

Type  : Fast 1100mV 85C Model Minimum Pulse Width 'clk'
Slack : -0.088
TNS   : -1.816

Type  : Fast 1100mV 0C Model Setup 'clk'
Slack : -0.418
TNS   : -7.537

Type  : Fast 1100mV 0C Model Hold 'clk'
Slack : 0.160
TNS   : 0.000

Type  : Fast 1100mV 0C Model Minimum Pulse Width 'clk'
Slack : -0.088
TNS   : -1.818

------------------------------------------------------------
